// Jest Snapshot v1, https://goo.gl/fbAQLP

exports[`resolve text Resolves NAME 1`] = `"Joe is a dangerous individual."`;

exports[`resolve text Resolves XE, XYR, XYRS 1`] = `"Should he escape, we will be on his tail. Keep him locked up."`;

exports[`resolve text Resolves XE, XYR, XYRS 2`] = `"Should she escape, we will be on her tail. Keep her locked up."`;

exports[`resolve text Resolves template strings 1`] = `"Piloting was great for him."`;

exports[`resolve text Resolves template strings 2`] = `"Piloting was not her thing."`;
